2026/10/08 18:44:01 INFO mlflow.agent.hint: Load the `instrumenting-with-mlflow-tracing` skill at C:\Users\happy\AppData\Local\Python\pythoncore-3.14-64\Lib\site-packages\mlflow\assistant\skills\instrumenting-with-mlflow-tracing\SKILL.md before writing any tracing code; it ships with this MLflow install. Set MLFLOW_DISABLE_AGENT_HINT=1 to silence this.
INFO:__main__:================================================================================
INFO:__main__:\U0001f680 9개 모델 학습 파이프라인 테스트
INFO:__main__:================================================================================
INFO:__main__:
\U0001f4e5 Step 1: 데이터 로드
2026-10-08 18:44:02,614 - src.data.loader - INFO - \U0001f4e5 Give Me Some Credit 데이터 로드 중...
INFO:src.data.loader:\U0001f4e5 Give Me Some Credit 데이터 로드 중...
2026-10-08 18:44:02,862 - src.data.loader - INFO - 
================================================================================
INFO:src.data.loader:
================================================================================
2026-10-08 18:44:02,862 - src.data.loader - INFO - \U0001f4ca 훈련 데이터셋 (cs-training.csv) 데이터 정보
INFO:src.data.loader:\U0001f4ca 훈련 데이터셋 (cs-training.csv) 데이터 정보
2026-10-08 18:44:02,862 - src.data.loader - INFO - ================================================================================
INFO:src.data.loader:================================================================================
2026-10-08 18:44:02,862 - src.data.loader - INFO - Shape: 150,000 rows × 12 columns
INFO:src.data.loader:Shape: 150,000 rows × 12 columns
2026-10-08 18:44:02,862 - src.data.loader - INFO - 
컬럼명                            자료형             결측치 수        결측 비율(%)    
INFO:src.data.loader:
컬럼명                            자료형             결측치 수        결측 비율(%)    
2026-10-08 18:44:02,862 - src.data.loader - INFO - --------------------------------------------------------------------------------
INFO:src.data.loader:--------------------------------------------------------------------------------
2026-10-08 18:44:02,863 - src.data.loader - INFO - Unnamed: 0                     int64           0                  0.00%
INFO:src.data.loader:Unnamed: 0                     int64           0                  0.00%
2026-10-08 18:44:02,863 - src.data.loader - INFO - SeriousDlqin2yrs               int64           0                  0.00%
INFO:src.data.loader:SeriousDlqin2yrs               int64           0                  0.00%
2026-10-08 18:44:02,863 - src.data.loader - INFO - RevolvingUtilizationOfUnsecuredLines float64         0                  0.00%
INFO:src.data.loader:RevolvingUtilizationOfUnsecuredLines float64         0                  0.00%
2026-10-08 18:44:02,864 - src.data.loader - INFO - age                            int64           0                  0.00%
INFO:src.data.loader:age                            int64           0                  0.00%
2026-10-08 18:44:02,864 - src.data.loader - INFO - NumberOfTime30-59DaysPastDueNotWorse int64           0                  0.00%
INFO:src.data.loader:NumberOfTime30-59DaysPastDueNotWorse int64           0                  0.00%
2026-10-08 18:44:02,864 - src.data.loader - INFO - DebtRatio                      float64         0                  0.00%
INFO:src.data.loader:DebtRatio                      float64         0                  0.00%
2026-10-08 18:44:02,865 - src.data.loader - INFO - MonthlyIncome                  float64         29731             19.82%
INFO:src.data.loader:MonthlyIncome                  float64         29731             19.82%
2026-10-08 18:44:02,865 - src.data.loader - INFO - NumberOfOpenCreditLinesAndLoans int64           0                  0.00%
INFO:src.data.loader:NumberOfOpenCreditLinesAndLoans int64           0                  0.00%
2026-10-08 18:44:02,865 - src.data.loader - INFO - NumberOfTimes90DaysLate        int64           0                  0.00%
INFO:src.data.loader:NumberOfTimes90DaysLate        int64           0                  0.00%
2026-10-08 18:44:02,866 - src.data.loader - INFO - NumberRealEstateLoansOrLines   int64           0                  0.00%
INFO:src.data.loader:NumberRealEstateLoansOrLines   int64           0                  0.00%
2026-10-08 18:44:02,866 - src.data.loader - INFO - NumberOfTime60-89DaysPastDueNotWorse int64           0                  0.00%
INFO:src.data.loader:NumberOfTime60-89DaysPastDueNotWorse int64           0                  0.00%
2026-10-08 18:44:02,867 - src.data.loader - INFO - NumberOfDependents             float64         3924               2.62%
INFO:src.data.loader:NumberOfDependents             float64         3924               2.62%
2026-10-08 18:44:02,870 - src.data.loader - INFO - --------------------------------------------------------------------------------
INFO:src.data.loader:--------------------------------------------------------------------------------
2026-10-08 18:44:02,870 - src.data.loader - INFO - 전체 결측치                                         33655              1.87%
INFO:src.data.loader:전체 결측치                                         33655              1.87%
2026-10-08 18:44:02,870 - src.data.loader - INFO - ================================================================================

INFO:src.data.loader:================================================================================

2026-10-08 18:44:02,870 - src.data.loader - INFO - 
================================================================================
INFO:src.data.loader:
================================================================================
2026-10-08 18:44:02,870 - src.data.loader - INFO - \U0001f4ca 테스트 데이터셋 (cs-test.csv) 데이터 정보
INFO:src.data.loader:\U0001f4ca 테스트 데이터셋 (cs-test.csv) 데이터 정보
2026-10-08 18:44:02,870 - src.data.loader - INFO - ================================================================================
INFO:src.data.loader:================================================================================
2026-10-08 18:44:02,870 - src.data.loader - INFO - Shape: 101,503 rows × 12 columns
INFO:src.data.loader:Shape: 101,503 rows × 12 columns
2026-10-08 18:44:02,870 - src.data.loader - INFO - 
컬럼명                            자료형             결측치 수        결측 비율(%)    
INFO:src.data.loader:
컬럼명                            자료형             결측치 수        결측 비율(%)    
2026-10-08 18:44:02,870 - src.data.loader - INFO - --------------------------------------------------------------------------------
INFO:src.data.loader:--------------------------------------------------------------------------------
2026-10-08 18:44:02,871 - src.data.loader - INFO - Unnamed: 0                     int64           0                  0.00%
INFO:src.data.loader:Unnamed: 0                     int64           0                  0.00%
2026-10-08 18:44:02,871 - src.data.loader - INFO - SeriousDlqin2yrs               float64         101503           100.00%
INFO:src.data.loader:SeriousDlqin2yrs               float64         101503           100.00%
2026-10-08 18:44:02,872 - src.data.loader - INFO - RevolvingUtilizationOfUnsecuredLines float64         0                  0.00%
INFO:src.data.loader:RevolvingUtilizationOfUnsecuredLines float64         0                  0.00%
2026-10-08 18:44:02,872 - src.data.loader - INFO - age                            int64           0                  0.00%
INFO:src.data.loader:age                            int64           0                  0.00%
2026-10-08 18:44:02,872 - src.data.loader - INFO - NumberOfTime30-59DaysPastDueNotWorse int64           0                  0.00%
INFO:src.data.loader:NumberOfTime30-59DaysPastDueNotWorse int64           0                  0.00%
2026-10-08 18:44:02,872 - src.data.loader - INFO - DebtRatio                      float64         0                  0.00%
INFO:src.data.loader:DebtRatio                      float64         0                  0.00%
2026-10-08 18:44:02,873 - src.data.loader - INFO - MonthlyIncome                  float64         20103             19.81%
INFO:src.data.loader:MonthlyIncome                  float64         20103             19.81%
2026-10-08 18:44:02,873 - src.data.loader - INFO - NumberOfOpenCreditLinesAndLoans int64           0                  0.00%
INFO:src.data.loader:NumberOfOpenCreditLinesAndLoans int64           0                  0.00%
2026-10-08 18:44:02,873 - src.data.loader - INFO - NumberOfTimes90DaysLate        int64           0                  0.00%
INFO:src.data.loader:NumberOfTimes90DaysLate        int64           0                  0.00%
2026-10-08 18:44:02,873 - src.data.loader - INFO - NumberRealEstateLoansOrLines   int64           0                  0.00%
INFO:src.data.loader:NumberRealEstateLoansOrLines   int64           0                  0.00%
2026-10-08 18:44:02,874 - src.data.loader - INFO - NumberOfTime60-89DaysPastDueNotWorse int64           0                  0.00%
INFO:src.data.loader:NumberOfTime60-89DaysPastDueNotWorse int64           0                  0.00%
2026-10-08 18:44:02,874 - src.data.loader - INFO - NumberOfDependents             float64         2626               2.59%
INFO:src.data.loader:NumberOfDependents             float64         2626               2.59%
2026-10-08 18:44:02,876 - src.data.loader - INFO - --------------------------------------------------------------------------------
INFO:src.data.loader:--------------------------------------------------------------------------------
2026-10-08 18:44:02,876 - src.data.loader - INFO - 전체 결측치                                         124232            10.20%
INFO:src.data.loader:전체 결측치                                         124232            10.20%
2026-10-08 18:44:02,876 - src.data.loader - INFO - ================================================================================

INFO:src.data.loader:================================================================================

2026-10-08 18:44:02,876 - src.data.loader - INFO - \u2705 데이터 로드 완료
INFO:src.data.loader:\u2705 데이터 로드 완료
INFO:__main__:\u2705 데이터 로드 완료: 150,000 샘플, 12 컬럼
INFO:__main__:
\U0001f52e Step 2: 대안 데이터 생성
2026-10-08 18:44:02,893 - src.data.simulator - INFO - 대안 데이터 시뮬레이터 실행 중...
INFO:src.data.simulator:대안 데이터 시뮬레이터 실행 중...
2026-10-08 18:44:02,893 - src.data.simulator - INFO -    샘플 크기: 150,000
INFO:src.data.simulator:   샘플 크기: 150,000
2026-10-08 18:44:02,893 - src.data.simulator - INFO -    목표 상관계수 범위: 0.30~0.50
INFO:src.data.simulator:   목표 상관계수 범위: 0.30~0.50
2026-10-08 18:44:02,893 - src.data.simulator - INFO -    생성 방법: 공분산 행렬 기반 + 실제 Target 연결
INFO:src.data.simulator:   생성 방법: 공분산 행렬 기반 + 실제 Target 연결
2026-10-08 18:44:02,895 - src.data.simulator - INFO - 
   설정된 목표 상관계수:
INFO:src.data.simulator:
   설정된 목표 상관계수:
2026-10-08 18:44:02,895 - src.data.simulator - INFO -       telecom_payment_rate: 0.3179
INFO:src.data.simulator:      telecom_payment_rate: 0.3179
2026-10-08 18:44:02,895 - src.data.simulator - INFO -       utility_payment_rate: 0.3553
INFO:src.data.simulator:      utility_payment_rate: 0.3553
2026-10-08 18:44:02,896 - src.data.simulator - INFO -       spending_consistency: 0.3669
INFO:src.data.simulator:      spending_consistency: 0.3669
2026-10-08 18:44:02,896 - src.data.simulator - INFO -       regular_payment_count: 0.4327
INFO:src.data.simulator:      regular_payment_count: 0.4327
2026-10-08 18:44:02,896 - src.data.simulator - INFO -       app_login_frequency: 0.4757
INFO:src.data.simulator:      app_login_frequency: 0.4757
2026-10-08 18:44:02,916 - src.data.simulator - INFO -    공분산 행렬 기반 샘플링 성공
INFO:src.data.simulator:   공분산 행렬 기반 샘플링 성공
2026-10-08 18:44:02,916 - src.data.simulator - INFO -    공식 적용: Y = r*X + sqrt(1-r^2)*Z
INFO:src.data.simulator:   공식 적용: Y = r*X + sqrt(1-r^2)*Z
2026-10-08 18:44:02,982 - src.data.simulator - INFO - 인구통계 변수 생성 완료:
INFO:src.data.simulator:인구통계 변수 생성 완료:
2026-10-08 18:44:02,982 - src.data.simulator - INFO -    Gender: 75,365 (여성), 74,635 (남성)
INFO:src.data.simulator:   Gender: 75,365 (여성), 74,635 (남성)
2026-10-08 18:44:02,982 - src.data.simulator - INFO -    AgeGroup:
INFO:src.data.simulator:   AgeGroup:
2026-10-08 18:44:02,982 - src.data.simulator - INFO -       0 (20~29): 7,132
INFO:src.data.simulator:      0 (20~29): 7,132
2026-10-08 18:44:02,982 - src.data.simulator - INFO -       1 (30~39): 21,898
INFO:src.data.simulator:      1 (30~39): 21,898
2026-10-08 18:44:02,982 - src.data.simulator - INFO -       2 (40~49): 33,527
INFO:src.data.simulator:      2 (40~49): 33,527
2026-10-08 18:44:02,982 - src.data.simulator - INFO -       3 (50~59): 35,858
INFO:src.data.simulator:      3 (50~59): 35,858
2026-10-08 18:44:02,982 - src.data.simulator - INFO -       4 (60+):   51,585
INFO:src.data.simulator:      4 (60+):   51,585
2026-10-08 18:44:02,982 - src.data.simulator - INFO -    (편향 강도: 10.0%)

INFO:src.data.simulator:   (편향 강도: 10.0%)

2026-10-08 18:44:03,022 - src.data.simulator - INFO - 씬파일러 판정 완료:
INFO:src.data.simulator:씬파일러 판정 완료:
2026-10-08 18:44:03,022 - src.data.simulator - INFO -    총 샘플: 150,000
INFO:src.data.simulator:   총 샘플: 150,000
2026-10-08 18:44:03,022 - src.data.simulator - INFO -    씬파일러: 45,000 (30.00%)
INFO:src.data.simulator:   씬파일러: 45,000 (30.00%)
2026-10-08 18:44:03,022 - src.data.simulator - INFO -    일반: 105,000 (70.00%)
INFO:src.data.simulator:   일반: 105,000 (70.00%)
2026-10-08 18:44:03,022 - src.data.simulator - INFO -    (파라미터로 조정됨: 30.0%)

INFO:src.data.simulator:   (파라미터로 조정됨: 30.0%)

2026-10-08 18:44:03,022 - src.data.simulator - INFO - 
===========================================================================
INFO:src.data.simulator:
===========================================================================
2026-10-08 18:44:03,022 - src.data.simulator - INFO - 생성된 대안 변수와 타겟(SeriousDlqin2yrs) 간 실제 상관계수 (사후 검증)
INFO:src.data.simulator:생성된 대안 변수와 타겟(SeriousDlqin2yrs) 간 실제 상관계수 (사후 검증)
2026-10-08 18:44:03,022 - src.data.simulator - INFO - ===========================================================================
INFO:src.data.simulator:===========================================================================
2026-10-08 18:44:03,022 - src.data.simulator - INFO - 변수명                            실제 상관계수            범위 확인               
INFO:src.data.simulator:변수명                            실제 상관계수            범위 확인               
2026-10-08 18:44:03,022 - src.data.simulator - INFO - ---------------------------------------------------------------------------
INFO:src.data.simulator:---------------------------------------------------------------------------
2026-10-08 18:44:03,025 - src.data.simulator - INFO - telecom_payment_rate                   0.2217    OUT (0.2217)        
INFO:src.data.simulator:telecom_payment_rate                   0.2217    OUT (0.2217)        
2026-10-08 18:44:03,028 - src.data.simulator - INFO - utility_payment_rate                   0.2482    OUT (0.2482)        
INFO:src.data.simulator:utility_payment_rate                   0.2482    OUT (0.2482)        
2026-10-08 18:44:03,031 - src.data.simulator - INFO - spending_consistency                   0.2497    OUT (0.2497)        
INFO:src.data.simulator:spending_consistency                   0.2497    OUT (0.2497)        
2026-10-08 18:44:03,035 - src.data.simulator - INFO - regular_payment_count                  0.2715    OUT (0.2715)        
INFO:src.data.simulator:regular_payment_count                  0.2715    OUT (0.2715)        
2026-10-08 18:44:03,040 - src.data.simulator - INFO - app_login_frequency                    0.3191    OK (0.30~0.50)      
INFO:src.data.simulator:app_login_frequency                    0.3191    OK (0.30~0.50)      
2026-10-08 18:44:03,041 - src.data.simulator - INFO - ---------------------------------------------------------------------------
INFO:src.data.simulator:---------------------------------------------------------------------------
2026-10-08 18:44:03,041 - src.data.simulator - INFO - 평균 상관계수 절대값                            0.2621
INFO:src.data.simulator:평균 상관계수 절대값                            0.2621
2026-10-08 18:44:03,041 - src.data.simulator - INFO - 범위 내 변수 개수                     1/5
INFO:src.data.simulator:범위 내 변수 개수                     1/5
2026-10-08 18:44:03,041 - src.data.simulator - INFO - ===========================================================================

INFO:src.data.simulator:===========================================================================

2026-10-08 18:44:03,041 - src.data.simulator - INFO - 대안 변수 간 상관계수 행렬:
INFO:src.data.simulator:대안 변수 간 상관계수 행렬:
2026-10-08 18:44:03,057 - src.data.simulator - INFO - 
                       telecom_payment_rate  utility_payment_rate  spending_consistency  regular_payment_count  app_login_frequency
telecom_payment_rate               1.000000              0.311251              0.370214               0.302317             0.411214
utility_payment_rate               0.311251              1.000000              0.475394               0.425225             0.331925
spending_consistency               0.370214              0.475394              1.000000               0.369875             0.377045
regular_payment_count              0.302317              0.425225              0.369875               1.000000             0.339307
app_login_frequency                0.411214              0.331925              0.377045               0.339307             1.000000

INFO:src.data.simulator:
                       telecom_payment_rate  utility_payment_rate  spending_consistency  regular_payment_count  app_login_frequency
telecom_payment_rate               1.000000              0.311251              0.370214               0.302317             0.411214
utility_payment_rate               0.311251              1.000000              0.475394               0.425225             0.331925
spending_consistency               0.370214              0.475394              1.000000               0.369875             0.377045
regular_payment_count              0.302317              0.425225              0.369875               1.000000             0.339307
app_login_frequency                0.411214              0.331925              0.377045               0.339307             1.000000

2026-10-08 18:44:04,224 - src.data.simulator - INFO - 시뮬레이션 데이터 저장: C:\Users\happy\Desktop\J\동양미래대학교\전공심화\2학기\코디세이\03. 프로젝트 코드\xai-credit-scoring\src\data\..\..\data\intermediate\02_simulated.csv (150,000 rows)

INFO:src.data.simulator:시뮬레이션 데이터 저장: C:\Users\happy\Desktop\J\동양미래대학교\전공심화\2학기\코디세이\03. 프로젝트 코드\xai-credit-scoring\src\data\..\..\data\intermediate\02_simulated.csv (150,000 rows)

2026-10-08 18:44:04,224 - src.data.simulator - INFO - 대안 데이터 생성 완료

INFO:src.data.simulator:대안 데이터 생성 완료

INFO:__main__:\u2705 대안 데이터 추가 완료: 20 컬럼
INFO:__main__:
\U0001f9f9 Step 3: 데이터 전처리
2026-10-08 18:44:04,252 - src.data.preprocessor - INFO - 전처리 시작 (샘플: 150,000)
INFO:src.data.preprocessor:전처리 시작 (샘플: 150,000)
2026-10-08 18:44:04,253 - src.data.preprocessor - INFO - 제거된 컬럼: ['Unnamed: 0']
INFO:src.data.preprocessor:제거된 컬럼: ['Unnamed: 0']
2026-10-08 18:44:04,253 - src.data.preprocessor - INFO - 
결측치 처리:
INFO:src.data.preprocessor:
결측치 처리:
2026-10-08 18:44:04,262 - src.data.preprocessor - INFO -   MonthlyIncome: 29,731개 (19.82%) → 중앙값(5400.00)으로 대체
INFO:src.data.preprocessor:  MonthlyIncome: 29,731개 (19.82%) → 중앙값(5400.00)으로 대체
2026-10-08 18:44:04,267 - src.data.preprocessor - INFO -   NumberOfDependents: 3,924개 (2.62%) → 중앙값(0.00)으로 대체
INFO:src.data.preprocessor:  NumberOfDependents: 3,924개 (2.62%) → 중앙값(0.00)으로 대체
2026-10-08 18:44:04,267 - src.data.preprocessor - INFO - 
범주형 변수 인코딩:
INFO:src.data.preprocessor:
범주형 변수 인코딩:
2026-10-08 18:44:04,268 - src.data.preprocessor - INFO -   범주형 변수 없음
INFO:src.data.preprocessor:  범주형 변수 없음
2026-10-08 18:44:04,268 - src.data.preprocessor - INFO - 
수치형 변수 스케일링 (StandardScaler):
INFO:src.data.preprocessor:
수치형 변수 스케일링 (StandardScaler):
2026-10-08 18:44:04,350 - src.data.preprocessor - INFO -   15개 변수 스케일링 완료
INFO:src.data.preprocessor:  15개 변수 스케일링 완료
2026-10-08 18:44:04,350 - src.data.preprocessor - INFO -   (타겟/이진변수 제외)
INFO:src.data.preprocessor:  (타겟/이진변수 제외)
2026-10-08 18:44:04,350 - src.data.preprocessor - INFO - 
전처리 완료
INFO:src.data.preprocessor:
전처리 완료
2026-10-08 18:44:04,350 - src.data.preprocessor - INFO -   최종 샘플: 150,000
INFO:src.data.preprocessor:  최종 샘플: 150,000
2026-10-08 18:44:04,350 - src.data.preprocessor - INFO -   최종 컬럼: 19
INFO:src.data.preprocessor:  최종 컬럼: 19
2026-10-08 18:44:04,352 - src.data.preprocessor - INFO - 
데이터 분할 (Stratified Split):
INFO:src.data.preprocessor:
데이터 분할 (Stratified Split):
2026-10-08 18:44:04,352 - src.data.preprocessor - INFO -   Train : Val : Test = 0.7 : 0.15 : 0.15
INFO:src.data.preprocessor:  Train : Val : Test = 0.7 : 0.15 : 0.15
2026-10-08 18:44:04,458 - src.data.preprocessor - INFO -   Train: 105,000 (70.0%)
INFO:src.data.preprocessor:  Train: 105,000 (70.0%)
2026-10-08 18:44:04,458 - src.data.preprocessor - INFO -   Val  : 22,500 (15.0%)
INFO:src.data.preprocessor:  Val  : 22,500 (15.0%)
2026-10-08 18:44:04,459 - src.data.preprocessor - INFO -   Test : 22,500 (15.0%)
INFO:src.data.preprocessor:  Test : 22,500 (15.0%)
2026-10-08 18:44:04,459 - src.data.preprocessor - INFO - 
클래스 분포 (Target: SeriousDlqin2yrs):
INFO:src.data.preprocessor:
클래스 분포 (Target: SeriousDlqin2yrs):
2026-10-08 18:44:04,459 - src.data.preprocessor - INFO -   Train: Positive=13,681 (13.03%), Negative=91,319 (86.97%)
INFO:src.data.preprocessor:  Train: Positive=13,681 (13.03%), Negative=91,319 (86.97%)
2026-10-08 18:44:04,459 - src.data.preprocessor - INFO -   Val: Positive=2,932 (13.03%), Negative=19,568 (86.97%)
INFO:src.data.preprocessor:  Val: Positive=2,932 (13.03%), Negative=19,568 (86.97%)
2026-10-08 18:44:04,460 - src.data.preprocessor - INFO -   Test: Positive=2,931 (13.03%), Negative=19,569 (86.97%)
INFO:src.data.preprocessor:  Test: Positive=2,931 (13.03%), Negative=19,569 (86.97%)
2026-10-08 18:44:04,460 - src.data.preprocessor - INFO - 
데이터 분할 완료

INFO:src.data.preprocessor:
데이터 분할 완료

2026-10-08 18:44:06,537 - src.data.preprocessor - INFO - Train 데이터 저장: C:\Users\happy\Desktop\J\동양미래대학교\전공심화\2학기\코디세이\03. 프로젝트 코드\xai-credit-scoring\src\data\..\..\data\splits\train_processed.csv (105,000 rows)
INFO:src.data.preprocessor:Train 데이터 저장: C:\Users\happy\Desktop\J\동양미래대학교\전공심화\2학기\코디세이\03. 프로젝트 코드\xai-credit-scoring\src\data\..\..\data\splits\train_processed.csv (105,000 rows)
2026-10-08 18:44:06,980 - src.data.preprocessor - INFO - Val 데이터 저장: C:\Users\happy\Desktop\J\동양미래대학교\전공심화\2학기\코디세이\03. 프로젝트 코드\xai-credit-scoring\src\data\..\..\data\splits\val_processed.csv (22,500 rows)
INFO:src.data.preprocessor:Val 데이터 저장: C:\Users\happy\Desktop\J\동양미래대학교\전공심화\2학기\코디세이\03. 프로젝트 코드\xai-credit-scoring\src\data\..\..\data\splits\val_processed.csv (22,500 rows)
2026-10-08 18:44:07,423 - src.data.preprocessor - INFO - Test 데이터 저장: C:\Users\happy\Desktop\J\동양미래대학교\전공심화\2학기\코디세이\03. 프로젝트 코드\xai-credit-scoring\src\data\..\..\data\splits\test_processed.csv (22,500 rows)

INFO:src.data.preprocessor:Test 데이터 저장: C:\Users\happy\Desktop\J\동양미래대학교\전공심화\2학기\코디세이\03. 프로젝트 코드\xai-credit-scoring\src\data\..\..\data\splits\test_processed.csv (22,500 rows)

INFO:__main__:\u2705 데이터 전처리 완료
INFO:__main__:   훈련: 105,000 샘플, 15 특성
INFO:__main__:   검증: 22,500 샘플
INFO:__main__:   테스트: 22,500 샘플
INFO:__main__:   클래스 분포 (훈련): 91,319 (0), 13,681 (1)
INFO:__main__:
\U0001f916 Step 4: 9개 모델 학습 (금융/대안/통합 × 3 알고리즘)
2026-10-08 18:44:07,877 - src.models.train - INFO - \u2705 MLflow 활성화: https://mlflow.gosky.kr

INFO:src.models.train:\u2705 MLflow 활성화: https://mlflow.gosky.kr

2026-10-08 18:44:07,878 - src.models.train - INFO - 모델 학습 시작 (9개 조합)
INFO:src.models.train:모델 학습 시작 (9개 조합)
2026-10-08 18:44:07,878 - src.models.train - INFO - 훈련 데이터: 105,000 샘플, 15 특성
INFO:src.models.train:훈련 데이터: 105,000 샘플, 15 특성
2026-10-08 18:44:07,879 - src.models.train - INFO - 클래스 분포: 91,319 (0), 13,681 (1)
INFO:src.models.train:클래스 분포: 91,319 (0), 13,681 (1)
2026-10-08 18:44:07,879 - src.models.train - INFO - 버전: 1.0

INFO:src.models.train:버전: 1.0

2026-10-08 18:44:07,879 - src.models.train - INFO - 
================================================================================
INFO:src.models.train:
================================================================================
2026-10-08 18:44:07,879 - src.models.train - INFO - 데이터 타입: financial_only
INFO:src.models.train:데이터 타입: financial_only
2026-10-08 18:44:07,879 - src.models.train - INFO - ================================================================================
INFO:src.models.train:================================================================================
2026-10-08 18:44:07,880 - src.models.train - INFO - 선택된 특성: 10개

INFO:src.models.train:선택된 특성: 10개

2026-10-08 18:44:07,880 - src.models.train - INFO - 
[방식 1] class_weight='balanced'
INFO:src.models.train:
[방식 1] class_weight='balanced'
2026-10-08 18:44:07,880 - src.models.train - INFO - --------------------------------------------------------------------------------
INFO:src.models.train:--------------------------------------------------------------------------------
2026-10-08 18:44:12,342 - src.models.train - INFO - 
5-Fold CV 결과 (class_weight='balanced'):
INFO:src.models.train:
5-Fold CV 결과 (class_weight='balanced'):
2026-10-08 18:44:12,342 - src.models.train - INFO - --------------------------------------------------------------------------------
INFO:src.models.train:--------------------------------------------------------------------------------
2026-10-08 18:44:12,342 - src.models.train - INFO - 
ROC_AUC:
INFO:src.models.train:
ROC_AUC:
2026-10-08 18:44:12,342 - src.models.train - INFO -   Fold 1: Train=0.5859, Test=0.5801
INFO:src.models.train:  Fold 1: Train=0.5859, Test=0.5801
2026-10-08 18:44:12,342 - src.models.train - INFO -   Fold 2: Train=0.5853, Test=0.5757
INFO:src.models.train:  Fold 2: Train=0.5853, Test=0.5757
2026-10-08 18:44:12,342 - src.models.train - INFO -   Fold 3: Train=0.5956, Test=0.6008
INFO:src.models.train:  Fold 3: Train=0.5956, Test=0.6008
2026-10-08 18:44:12,342 - src.models.train - INFO -   Fold 4: Train=0.5928, Test=0.5984
INFO:src.models.train:  Fold 4: Train=0.5928, Test=0.5984
2026-10-08 18:44:12,342 - src.models.train - INFO -   Fold 5: Train=0.5916, Test=0.5873
INFO:src.models.train:  Fold 5: Train=0.5916, Test=0.5873
2026-10-08 18:44:12,342 - src.models.train - INFO -   평균: Test=0.5885 ± 0.0099
INFO:src.models.train:  평균: Test=0.5885 ± 0.0099
2026-10-08 18:44:12,477 - src.models.train - INFO - 
PRECISION:
INFO:src.models.train:
PRECISION:
2026-10-08 18:44:12,477 - src.models.train - INFO -   Fold 1: Train=0.2645, Test=0.2588
INFO:src.models.train:  Fold 1: Train=0.2645, Test=0.2588
2026-10-08 18:44:12,477 - src.models.train - INFO -   Fold 2: Train=0.2592, Test=0.2590
INFO:src.models.train:  Fold 2: Train=0.2592, Test=0.2590
2026-10-08 18:44:12,477 - src.models.train - INFO -   Fold 3: Train=0.2588, Test=0.2692
INFO:src.models.train:  Fold 3: Train=0.2588, Test=0.2692
2026-10-08 18:44:12,477 - src.models.train - INFO -   Fold 4: Train=0.2643, Test=0.2630
INFO:src.models.train:  Fold 4: Train=0.2643, Test=0.2630
2026-10-08 18:44:12,477 - src.models.train - INFO -   Fold 5: Train=0.2647, Test=0.2599
INFO:src.models.train:  Fold 5: Train=0.2647, Test=0.2599
2026-10-08 18:44:12,477 - src.models.train - INFO -   평균: Test=0.2620 ± 0.0039
INFO:src.models.train:  평균: Test=0.2620 ± 0.0039
2026-10-08 18:44:12,601 - src.models.train - INFO - 
RECALL:
INFO:src.models.train:
RECALL:
2026-10-08 18:44:12,601 - src.models.train - INFO -   Fold 1: Train=0.3485, Test=0.3458
INFO:src.models.train:  Fold 1: Train=0.3485, Test=0.3458
2026-10-08 18:44:12,601 - src.models.train - INFO -   Fold 2: Train=0.3523, Test=0.3520
INFO:src.models.train:  Fold 2: Train=0.3523, Test=0.3520
2026-10-08 18:44:12,601 - src.models.train - INFO -   Fold 3: Train=0.3459, Test=0.3615
INFO:src.models.train:  Fold 3: Train=0.3459, Test=0.3615
2026-10-08 18:44:12,601 - src.models.train - INFO -   Fold 4: Train=0.3513, Test=0.3476
INFO:src.models.train:  Fold 4: Train=0.3513, Test=0.3476
2026-10-08 18:44:12,601 - src.models.train - INFO -   Fold 5: Train=0.3497, Test=0.3394
INFO:src.models.train:  Fold 5: Train=0.3497, Test=0.3394
2026-10-08 18:44:12,601 - src.models.train - INFO -   평균: Test=0.3492 ± 0.0073
INFO:src.models.train:  평균: Test=0.3492 ± 0.0073
2026-10-08 18:44:12,708 - src.models.train - INFO - 
F1:
INFO:src.models.train:
F1:
2026-10-08 18:44:12,708 - src.models.train - INFO -   Fold 1: Train=0.3007, Test=0.2960
INFO:src.models.train:  Fold 1: Train=0.3007, Test=0.2960
2026-10-08 18:44:12,708 - src.models.train - INFO -   Fold 2: Train=0.2987, Test=0.2984
INFO:src.models.train:  Fold 2: Train=0.2987, Test=0.2984
2026-10-08 18:44:12,708 - src.models.train - INFO -   Fold 3: Train=0.2961, Test=0.3086
INFO:src.models.train:  Fold 3: Train=0.2961, Test=0.3086
2026-10-08 18:44:12,708 - src.models.train - INFO -   Fold 4: Train=0.3017, Test=0.2994
INFO:src.models.train:  Fold 4: Train=0.3017, Test=0.2994
2026-10-08 18:44:12,708 - src.models.train - INFO -   Fold 5: Train=0.3013, Test=0.2944
INFO:src.models.train:  Fold 5: Train=0.3013, Test=0.2944
2026-10-08 18:44:12,708 - src.models.train - INFO -   평균: Test=0.2994 ± 0.0049
INFO:src.models.train:  평균: Test=0.2994 ± 0.0049
2026-10-08 18:44:12,834 - src.models.train - INFO - --------------------------------------------------------------------------------
INFO:src.models.train:--------------------------------------------------------------------------------
2026-10-08 18:44:12,994 - src.models.train - INFO - 모델 저장: models/logistic_regression_class_weight_v1.0.joblib

INFO:src.models.train:모델 저장: models/logistic_regression_class_weight_v1.0.joblib

ERROR:__main__:\u274c 모델 학습 실패: 'cp949' codec can't encode character '\U0001f3c3' in position 0: illegal multibyte sequence
Traceback (most recent call last):
  File "C:\Users\happy\Desktop\J\동양미래대학교\전공심화\2학기\코디세이\03. 프로젝트 코드\xai-credit-scoring\test_9models.py", line 72, in main
    results = train_all_models_by_data_type(X_train, y_train, models_dir='models', version='1.0')
  File "C:\Users\happy\Desktop\J\동양미래대학교\전공심화\2학기\코디세이\03. 프로젝트 코드\xai-credit-scoring\src\models\train.py", line 553, in train_all_models_by_data_type
    results['LogisticRegression'] = train_logistic_regression(
                                    ~~~~~~~~~~~~~~~~~~~~~~~~~^
        X_train_subset, y_train, skf, models_dir, version, data_type
        ^^^^^^^^^^^^^^^^^^^^^^^^^^^^^^^^^^^^^^^^^^^^^^^^^^^^^^^^^^^^
    )
    ^
  File "C:\Users\happy\Desktop\J\동양미래대학교\전공심화\2학기\코디세이\03. 프로젝트 코드\xai-credit-scoring\src\models\train.py", line 141, in train_logistic_regression
    with mlflow.start_run(run_name=f"LR_class_weight{run_name_suffix}"):
         ~~~~~~~~~~~~~~~~^^^^^^^^^^^^^^^^^^^^^^^^^^^^^^^^^^^^^^^^^^^^^^
  File "C:\Users\happy\AppData\Local\Python\pythoncore-3.14-64\Lib\site-packages\mlflow\tracking\fluent.py", line 391, in __exit__
    end_run(RunStatus.to_string(status))
    ~~~~~~~^^^^^^^^^^^^^^^^^^^^^^^^^^^^^
  File "C:\Users\happy\AppData\Local\Python\pythoncore-3.14-64\Lib\site-packages\mlflow\tracking\fluent.py", line 757, in end_run
    MlflowClient().set_terminated(last_active_run_id, status)
    ~~~~~~~~~~~~~~~~~~~~~~~~~~~~~^^^^^^^^^^^^^^^^^^^^^^^^^^^^
  File "C:\Users\happy\AppData\Local\Python\pythoncore-3.14-64\Lib\site-packages\mlflow\tracking\client.py", line 3828, in set_terminated
    self._tracking_client.set_terminated(run_id, status, end_time)
    ~~~~~~~~~~~~~~~~~~~~~~~~~~~~~~~~~~~~^^^^^^^^^^^^^^^^^^^^^^^^^^
  File "C:\Users\happy\AppData\Local\Python\pythoncore-3.14-64\Lib\site-packages\mlflow\tracking\_tracking_service\client.py", line 802, in set_terminated
    self._log_url(run_id)
    ~~~~~~~~~~~~~^^^^^^^^
  File "C:\Users\happy\AppData\Local\Python\pythoncore-3.14-64\Lib\site-packages\mlflow\tracking\_tracking_service\client.py", line 785, in _log_url
    sys.stdout.write(f"\U0001f3c3 View run {run_name} at: {run_url}\n")
    ~~~~~~~~~~~~~~~~^^^^^^^^^^^^^^^^^^^^^^^^^^^^^^^^^^^^^^^^^^^
UnicodeEncodeError: 'cp949' codec can't encode character '\U0001f3c3' in position 0: illegal multibyte sequence
