2026/10/08 18:46:55 INFO mlflow.agent.hint: Load the `instrumenting-with-mlflow-tracing` skill at C:\Users\happy\AppData\Local\Python\pythoncore-3.14-64\Lib\site-packages\mlflow\assistant\skills\instrumenting-with-mlflow-tracing\SKILL.md before writing any tracing code; it ships with this MLflow install. Set MLFLOW_DISABLE_AGENT_HINT=1 to silence this.
INFO:__main__:================================================================================
INFO:__main__:\U0001f680 9개 모델 학습 파이프라인 테스트
INFO:__main__:================================================================================
INFO:__main__:
\U0001f4e5 Step 1: 데이터 로드
2026-10-08 18:46:56,483 - src.data.loader - INFO - \U0001f4e5 Give Me Some Credit 데이터 로드 중...
INFO:src.data.loader:\U0001f4e5 Give Me Some Credit 데이터 로드 중...
2026-10-08 18:46:56,763 - src.data.loader - INFO - 
================================================================================
INFO:src.data.loader:
================================================================================
2026-10-08 18:46:56,763 - src.data.loader - INFO - \U0001f4ca 훈련 데이터셋 (cs-training.csv) 데이터 정보
INFO:src.data.loader:\U0001f4ca 훈련 데이터셋 (cs-training.csv) 데이터 정보
2026-10-08 18:46:56,763 - src.data.loader - INFO - ================================================================================
INFO:src.data.loader:================================================================================
2026-10-08 18:46:56,763 - src.data.loader - INFO - Shape: 150,000 rows × 12 columns
INFO:src.data.loader:Shape: 150,000 rows × 12 columns
2026-10-08 18:46:56,764 - src.data.loader - INFO - 
컬럼명                            자료형             결측치 수        결측 비율(%)    
INFO:src.data.loader:
컬럼명                            자료형             결측치 수        결측 비율(%)    
2026-10-08 18:46:56,764 - src.data.loader - INFO - --------------------------------------------------------------------------------
INFO:src.data.loader:--------------------------------------------------------------------------------
2026-10-08 18:46:56,765 - src.data.loader - INFO - Unnamed: 0                     int64           0                  0.00%
INFO:src.data.loader:Unnamed: 0                     int64           0                  0.00%
2026-10-08 18:46:56,765 - src.data.loader - INFO - SeriousDlqin2yrs               int64           0                  0.00%
INFO:src.data.loader:SeriousDlqin2yrs               int64           0                  0.00%
2026-10-08 18:46:56,765 - src.data.loader - INFO - RevolvingUtilizationOfUnsecuredLines float64         0                  0.00%
INFO:src.data.loader:RevolvingUtilizationOfUnsecuredLines float64         0                  0.00%
2026-10-08 18:46:56,766 - src.data.loader - INFO - age                            int64           0                  0.00%
INFO:src.data.loader:age                            int64           0                  0.00%
2026-10-08 18:46:56,766 - src.data.loader - INFO - NumberOfTime30-59DaysPastDueNotWorse int64           0                  0.00%
INFO:src.data.loader:NumberOfTime30-59DaysPastDueNotWorse int64           0                  0.00%
2026-10-08 18:46:56,767 - src.data.loader - INFO - DebtRatio                      float64         0                  0.00%
INFO:src.data.loader:DebtRatio                      float64         0                  0.00%
2026-10-08 18:46:56,767 - src.data.loader - INFO - MonthlyIncome                  float64         29731             19.82%
INFO:src.data.loader:MonthlyIncome                  float64         29731             19.82%
2026-10-08 18:46:56,768 - src.data.loader - INFO - NumberOfOpenCreditLinesAndLoans int64           0                  0.00%
INFO:src.data.loader:NumberOfOpenCreditLinesAndLoans int64           0                  0.00%
2026-10-08 18:46:56,768 - src.data.loader - INFO - NumberOfTimes90DaysLate        int64           0                  0.00%
INFO:src.data.loader:NumberOfTimes90DaysLate        int64           0                  0.00%
2026-10-08 18:46:56,768 - src.data.loader - INFO - NumberRealEstateLoansOrLines   int64           0                  0.00%
INFO:src.data.loader:NumberRealEstateLoansOrLines   int64           0                  0.00%
2026-10-08 18:46:56,769 - src.data.loader - INFO - NumberOfTime60-89DaysPastDueNotWorse int64           0                  0.00%
INFO:src.data.loader:NumberOfTime60-89DaysPastDueNotWorse int64           0                  0.00%
2026-10-08 18:46:56,769 - src.data.loader - INFO - NumberOfDependents             float64         3924               2.62%
INFO:src.data.loader:NumberOfDependents             float64         3924               2.62%
2026-10-08 18:46:56,773 - src.data.loader - INFO - --------------------------------------------------------------------------------
INFO:src.data.loader:--------------------------------------------------------------------------------
2026-10-08 18:46:56,773 - src.data.loader - INFO - 전체 결측치                                         33655              1.87%
INFO:src.data.loader:전체 결측치                                         33655              1.87%
2026-10-08 18:46:56,773 - src.data.loader - INFO - ================================================================================

INFO:src.data.loader:================================================================================

2026-10-08 18:46:56,773 - src.data.loader - INFO - 
================================================================================
INFO:src.data.loader:
================================================================================
2026-10-08 18:46:56,773 - src.data.loader - INFO - \U0001f4ca 테스트 데이터셋 (cs-test.csv) 데이터 정보
INFO:src.data.loader:\U0001f4ca 테스트 데이터셋 (cs-test.csv) 데이터 정보
2026-10-08 18:46:56,773 - src.data.loader - INFO - ================================================================================
INFO:src.data.loader:================================================================================
2026-10-08 18:46:56,773 - src.data.loader - INFO - Shape: 101,503 rows × 12 columns
INFO:src.data.loader:Shape: 101,503 rows × 12 columns
2026-10-08 18:46:56,773 - src.data.loader - INFO - 
컬럼명                            자료형             결측치 수        결측 비율(%)    
INFO:src.data.loader:
컬럼명                            자료형             결측치 수        결측 비율(%)    
2026-10-08 18:46:56,773 - src.data.loader - INFO - --------------------------------------------------------------------------------
INFO:src.data.loader:--------------------------------------------------------------------------------
2026-10-08 18:46:56,774 - src.data.loader - INFO - Unnamed: 0                     int64           0                  0.00%
INFO:src.data.loader:Unnamed: 0                     int64           0                  0.00%
2026-10-08 18:46:56,774 - src.data.loader - INFO - SeriousDlqin2yrs               float64         101503           100.00%
INFO:src.data.loader:SeriousDlqin2yrs               float64         101503           100.00%
2026-10-08 18:46:56,775 - src.data.loader - INFO - RevolvingUtilizationOfUnsecuredLines float64         0                  0.00%
INFO:src.data.loader:RevolvingUtilizationOfUnsecuredLines float64         0                  0.00%
2026-10-08 18:46:56,775 - src.data.loader - INFO - age                            int64           0                  0.00%
INFO:src.data.loader:age                            int64           0                  0.00%
2026-10-08 18:46:56,776 - src.data.loader - INFO - NumberOfTime30-59DaysPastDueNotWorse int64           0                  0.00%
INFO:src.data.loader:NumberOfTime30-59DaysPastDueNotWorse int64           0                  0.00%
2026-10-08 18:46:56,776 - src.data.loader - INFO - DebtRatio                      float64         0                  0.00%
INFO:src.data.loader:DebtRatio                      float64         0                  0.00%
2026-10-08 18:46:56,777 - src.data.loader - INFO - MonthlyIncome                  float64         20103             19.81%
INFO:src.data.loader:MonthlyIncome                  float64         20103             19.81%
2026-10-08 18:46:56,777 - src.data.loader - INFO - NumberOfOpenCreditLinesAndLoans int64           0                  0.00%
INFO:src.data.loader:NumberOfOpenCreditLinesAndLoans int64           0                  0.00%
2026-10-08 18:46:56,778 - src.data.loader - INFO - NumberOfTimes90DaysLate        int64           0                  0.00%
INFO:src.data.loader:NumberOfTimes90DaysLate        int64           0                  0.00%
2026-10-08 18:46:56,778 - src.data.loader - INFO - NumberRealEstateLoansOrLines   int64           0                  0.00%
INFO:src.data.loader:NumberRealEstateLoansOrLines   int64           0                  0.00%
2026-10-08 18:46:56,779 - src.data.loader - INFO - NumberOfTime60-89DaysPastDueNotWorse int64           0                  0.00%
INFO:src.data.loader:NumberOfTime60-89DaysPastDueNotWorse int64           0                  0.00%
2026-10-08 18:46:56,779 - src.data.loader - INFO - NumberOfDependents             float64         2626               2.59%
INFO:src.data.loader:NumberOfDependents             float64         2626               2.59%
2026-10-08 18:46:56,781 - src.data.loader - INFO - --------------------------------------------------------------------------------
INFO:src.data.loader:--------------------------------------------------------------------------------
2026-10-08 18:46:56,782 - src.data.loader - INFO - 전체 결측치                                         124232            10.20%
INFO:src.data.loader:전체 결측치                                         124232            10.20%
2026-10-08 18:46:56,782 - src.data.loader - INFO - ================================================================================

INFO:src.data.loader:================================================================================

2026-10-08 18:46:56,782 - src.data.loader - INFO - \u2705 데이터 로드 완료
INFO:src.data.loader:\u2705 데이터 로드 완료
INFO:__main__:\u2705 데이터 로드 완료: 150,000 샘플, 12 컬럼
INFO:__main__:
\U0001f52e Step 2: 대안 데이터 생성
2026-10-08 18:46:56,794 - src.data.simulator - INFO - 대안 데이터 시뮬레이터 실행 중...
INFO:src.data.simulator:대안 데이터 시뮬레이터 실행 중...
2026-10-08 18:46:56,795 - src.data.simulator - INFO -    샘플 크기: 150,000
INFO:src.data.simulator:   샘플 크기: 150,000
2026-10-08 18:46:56,795 - src.data.simulator - INFO -    목표 상관계수 범위: 0.30~0.50
INFO:src.data.simulator:   목표 상관계수 범위: 0.30~0.50
2026-10-08 18:46:56,795 - src.data.simulator - INFO -    생성 방법: 공분산 행렬 기반 + 실제 Target 연결
INFO:src.data.simulator:   생성 방법: 공분산 행렬 기반 + 실제 Target 연결
2026-10-08 18:46:56,797 - src.data.simulator - INFO - 
   설정된 목표 상관계수:
INFO:src.data.simulator:
   설정된 목표 상관계수:
2026-10-08 18:46:56,797 - src.data.simulator - INFO -       telecom_payment_rate: 0.4797
INFO:src.data.simulator:      telecom_payment_rate: 0.4797
2026-10-08 18:46:56,798 - src.data.simulator - INFO -       utility_payment_rate: 0.3403
INFO:src.data.simulator:      utility_payment_rate: 0.3403
2026-10-08 18:46:56,798 - src.data.simulator - INFO -       spending_consistency: 0.4612
INFO:src.data.simulator:      spending_consistency: 0.4612
2026-10-08 18:46:56,798 - src.data.simulator - INFO -       regular_payment_count: 0.4247
INFO:src.data.simulator:      regular_payment_count: 0.4247
2026-10-08 18:46:56,798 - src.data.simulator - INFO -       app_login_frequency: 0.4775
INFO:src.data.simulator:      app_login_frequency: 0.4775
2026-10-08 18:46:56,825 - src.data.simulator - INFO -    공분산 행렬 기반 샘플링 성공
INFO:src.data.simulator:   공분산 행렬 기반 샘플링 성공
2026-10-08 18:46:56,825 - src.data.simulator - INFO -    공식 적용: Y = r*X + sqrt(1-r^2)*Z
INFO:src.data.simulator:   공식 적용: Y = r*X + sqrt(1-r^2)*Z
2026-10-08 18:46:56,885 - src.data.simulator - INFO - 인구통계 변수 생성 완료:
INFO:src.data.simulator:인구통계 변수 생성 완료:
2026-10-08 18:46:56,886 - src.data.simulator - INFO -    Gender: 75,049 (여성), 74,951 (남성)
INFO:src.data.simulator:   Gender: 75,049 (여성), 74,951 (남성)
2026-10-08 18:46:56,886 - src.data.simulator - INFO -    AgeGroup:
INFO:src.data.simulator:   AgeGroup:
2026-10-08 18:46:56,886 - src.data.simulator - INFO -       0 (20~29): 7,132
INFO:src.data.simulator:      0 (20~29): 7,132
2026-10-08 18:46:56,886 - src.data.simulator - INFO -       1 (30~39): 21,898
INFO:src.data.simulator:      1 (30~39): 21,898
2026-10-08 18:46:56,886 - src.data.simulator - INFO -       2 (40~49): 33,527
INFO:src.data.simulator:      2 (40~49): 33,527
2026-10-08 18:46:56,886 - src.data.simulator - INFO -       3 (50~59): 35,858
INFO:src.data.simulator:      3 (50~59): 35,858
2026-10-08 18:46:56,886 - src.data.simulator - INFO -       4 (60+):   51,585
INFO:src.data.simulator:      4 (60+):   51,585
2026-10-08 18:46:56,886 - src.data.simulator - INFO -    (편향 강도: 10.0%)

INFO:src.data.simulator:   (편향 강도: 10.0%)

2026-10-08 18:46:56,922 - src.data.simulator - INFO - 씬파일러 판정 완료:
INFO:src.data.simulator:씬파일러 판정 완료:
2026-10-08 18:46:56,922 - src.data.simulator - INFO -    총 샘플: 150,000
INFO:src.data.simulator:   총 샘플: 150,000
2026-10-08 18:46:56,922 - src.data.simulator - INFO -    씬파일러: 45,000 (30.00%)
INFO:src.data.simulator:   씬파일러: 45,000 (30.00%)
2026-10-08 18:46:56,922 - src.data.simulator - INFO -    일반: 105,000 (70.00%)
INFO:src.data.simulator:   일반: 105,000 (70.00%)
2026-10-08 18:46:56,922 - src.data.simulator - INFO -    (파라미터로 조정됨: 30.0%)

INFO:src.data.simulator:   (파라미터로 조정됨: 30.0%)

2026-10-08 18:46:56,922 - src.data.simulator - INFO - 
===========================================================================
INFO:src.data.simulator:
===========================================================================
2026-10-08 18:46:56,922 - src.data.simulator - INFO - 생성된 대안 변수와 타겟(SeriousDlqin2yrs) 간 실제 상관계수 (사후 검증)
INFO:src.data.simulator:생성된 대안 변수와 타겟(SeriousDlqin2yrs) 간 실제 상관계수 (사후 검증)
2026-10-08 18:46:56,922 - src.data.simulator - INFO - ===========================================================================
INFO:src.data.simulator:===========================================================================
2026-10-08 18:46:56,922 - src.data.simulator - INFO - 변수명                            실제 상관계수            범위 확인               
INFO:src.data.simulator:변수명                            실제 상관계수            범위 확인               
2026-10-08 18:46:56,922 - src.data.simulator - INFO - ---------------------------------------------------------------------------
INFO:src.data.simulator:---------------------------------------------------------------------------
2026-10-08 18:46:56,925 - src.data.simulator - INFO - telecom_payment_rate                   0.3303    OK (0.30~0.50)      
INFO:src.data.simulator:telecom_payment_rate                   0.3303    OK (0.30~0.50)      
2026-10-08 18:46:56,928 - src.data.simulator - INFO - utility_payment_rate                   0.2349    OUT (0.2349)        
INFO:src.data.simulator:utility_payment_rate                   0.2349    OUT (0.2349)        
2026-10-08 18:46:56,931 - src.data.simulator - INFO - spending_consistency                   0.3172    OK (0.30~0.50)      
INFO:src.data.simulator:spending_consistency                   0.3172    OK (0.30~0.50)      
2026-10-08 18:46:56,934 - src.data.simulator - INFO - regular_payment_count                  0.2689    OUT (0.2689)        
INFO:src.data.simulator:regular_payment_count                  0.2689    OUT (0.2689)        
2026-10-08 18:46:56,938 - src.data.simulator - INFO - app_login_frequency                    0.3192    OK (0.30~0.50)      
INFO:src.data.simulator:app_login_frequency                    0.3192    OK (0.30~0.50)      
2026-10-08 18:46:56,938 - src.data.simulator - INFO - ---------------------------------------------------------------------------
INFO:src.data.simulator:---------------------------------------------------------------------------
2026-10-08 18:46:56,938 - src.data.simulator - INFO - 평균 상관계수 절대값                            0.2941
INFO:src.data.simulator:평균 상관계수 절대값                            0.2941
2026-10-08 18:46:56,938 - src.data.simulator - INFO - 범위 내 변수 개수                     3/5
INFO:src.data.simulator:범위 내 변수 개수                     3/5
2026-10-08 18:46:56,938 - src.data.simulator - INFO - ===========================================================================

INFO:src.data.simulator:===========================================================================

2026-10-08 18:46:56,938 - src.data.simulator - INFO - 대안 변수 간 상관계수 행렬:
INFO:src.data.simulator:대안 변수 간 상관계수 행렬:
2026-10-08 18:46:56,956 - src.data.simulator - INFO - 
                       telecom_payment_rate  utility_payment_rate  spending_consistency  regular_payment_count  app_login_frequency
telecom_payment_rate               1.000000              0.349141              0.387388               0.341333             0.486265
utility_payment_rate               0.349141              1.000000              0.444929               0.385102             0.339099
spending_consistency               0.387388              0.444929              1.000000               0.466030             0.377493
regular_payment_count              0.341333              0.385102              0.466030               1.000000             0.451164
app_login_frequency                0.486265              0.339099              0.377493               0.451164             1.000000

INFO:src.data.simulator:
                       telecom_payment_rate  utility_payment_rate  spending_consistency  regular_payment_count  app_login_frequency
telecom_payment_rate               1.000000              0.349141              0.387388               0.341333             0.486265
utility_payment_rate               0.349141              1.000000              0.444929               0.385102             0.339099
spending_consistency               0.387388              0.444929              1.000000               0.466030             0.377493
regular_payment_count              0.341333              0.385102              0.466030               1.000000             0.451164
app_login_frequency                0.486265              0.339099              0.377493               0.451164             1.000000

2026-10-08 18:46:58,232 - src.data.simulator - INFO - 시뮬레이션 데이터 저장: C:\Users\happy\Desktop\J\동양미래대학교\전공심화\2학기\코디세이\03. 프로젝트 코드\xai-credit-scoring\src\data\..\..\data\intermediate\02_simulated.csv (150,000 rows)

INFO:src.data.simulator:시뮬레이션 데이터 저장: C:\Users\happy\Desktop\J\동양미래대학교\전공심화\2학기\코디세이\03. 프로젝트 코드\xai-credit-scoring\src\data\..\..\data\intermediate\02_simulated.csv (150,000 rows)

2026-10-08 18:46:58,232 - src.data.simulator - INFO - 대안 데이터 생성 완료

INFO:src.data.simulator:대안 데이터 생성 완료

INFO:__main__:\u2705 대안 데이터 추가 완료: 20 컬럼
INFO:__main__:
\U0001f9f9 Step 3: 데이터 전처리
2026-10-08 18:46:58,250 - src.data.preprocessor - INFO - 전처리 시작 (샘플: 150,000)
INFO:src.data.preprocessor:전처리 시작 (샘플: 150,000)
2026-10-08 18:46:58,251 - src.data.preprocessor - INFO - 제거된 컬럼: ['Unnamed: 0']
INFO:src.data.preprocessor:제거된 컬럼: ['Unnamed: 0']
2026-10-08 18:46:58,251 - src.data.preprocessor - INFO - 
결측치 처리:
INFO:src.data.preprocessor:
결측치 처리:
2026-10-08 18:46:58,261 - src.data.preprocessor - INFO -   MonthlyIncome: 29,731개 (19.82%) → 중앙값(5400.00)으로 대체
INFO:src.data.preprocessor:  MonthlyIncome: 29,731개 (19.82%) → 중앙값(5400.00)으로 대체
2026-10-08 18:46:58,265 - src.data.preprocessor - INFO -   NumberOfDependents: 3,924개 (2.62%) → 중앙값(0.00)으로 대체
INFO:src.data.preprocessor:  NumberOfDependents: 3,924개 (2.62%) → 중앙값(0.00)으로 대체
2026-10-08 18:46:58,265 - src.data.preprocessor - INFO - 
범주형 변수 인코딩:
INFO:src.data.preprocessor:
범주형 변수 인코딩:
2026-10-08 18:46:58,266 - src.data.preprocessor - INFO -   범주형 변수 없음
INFO:src.data.preprocessor:  범주형 변수 없음
2026-10-08 18:46:58,266 - src.data.preprocessor - INFO - 
수치형 변수 스케일링 (StandardScaler):
INFO:src.data.preprocessor:
수치형 변수 스케일링 (StandardScaler):
2026-10-08 18:46:58,342 - src.data.preprocessor - INFO -   15개 변수 스케일링 완료
INFO:src.data.preprocessor:  15개 변수 스케일링 완료
2026-10-08 18:46:58,342 - src.data.preprocessor - INFO -   (타겟/이진변수 제외)
INFO:src.data.preprocessor:  (타겟/이진변수 제외)
2026-10-08 18:46:58,343 - src.data.preprocessor - INFO - 
전처리 완료
INFO:src.data.preprocessor:
전처리 완료
2026-10-08 18:46:58,343 - src.data.preprocessor - INFO -   최종 샘플: 150,000
INFO:src.data.preprocessor:  최종 샘플: 150,000
2026-10-08 18:46:58,343 - src.data.preprocessor - INFO -   최종 컬럼: 19
INFO:src.data.preprocessor:  최종 컬럼: 19
2026-10-08 18:46:58,344 - src.data.preprocessor - INFO - 
데이터 분할 (Stratified Split):
INFO:src.data.preprocessor:
데이터 분할 (Stratified Split):
2026-10-08 18:46:58,344 - src.data.preprocessor - INFO -   Train : Val : Test = 0.7 : 0.15 : 0.15
INFO:src.data.preprocessor:  Train : Val : Test = 0.7 : 0.15 : 0.15
2026-10-08 18:46:58,459 - src.data.preprocessor - INFO -   Train: 105,000 (70.0%)
INFO:src.data.preprocessor:  Train: 105,000 (70.0%)
2026-10-08 18:46:58,460 - src.data.preprocessor - INFO -   Val  : 22,500 (15.0%)
INFO:src.data.preprocessor:  Val  : 22,500 (15.0%)
2026-10-08 18:46:58,460 - src.data.preprocessor - INFO -   Test : 22,500 (15.0%)
INFO:src.data.preprocessor:  Test : 22,500 (15.0%)
2026-10-08 18:46:58,460 - src.data.preprocessor - INFO - 
클래스 분포 (Target: SeriousDlqin2yrs):
INFO:src.data.preprocessor:
클래스 분포 (Target: SeriousDlqin2yrs):
2026-10-08 18:46:58,460 - src.data.preprocessor - INFO -   Train: Positive=13,653 (13.00%), Negative=91,347 (87.00%)
INFO:src.data.preprocessor:  Train: Positive=13,653 (13.00%), Negative=91,347 (87.00%)
2026-10-08 18:46:58,461 - src.data.preprocessor - INFO -   Val: Positive=2,926 (13.00%), Negative=19,574 (87.00%)
INFO:src.data.preprocessor:  Val: Positive=2,926 (13.00%), Negative=19,574 (87.00%)
2026-10-08 18:46:58,461 - src.data.preprocessor - INFO -   Test: Positive=2,925 (13.00%), Negative=19,575 (87.00%)
INFO:src.data.preprocessor:  Test: Positive=2,925 (13.00%), Negative=19,575 (87.00%)
2026-10-08 18:46:58,461 - src.data.preprocessor - INFO - 
데이터 분할 완료

INFO:src.data.preprocessor:
데이터 분할 완료

2026-10-08 18:47:00,420 - src.data.preprocessor - INFO - Train 데이터 저장: C:\Users\happy\Desktop\J\동양미래대학교\전공심화\2학기\코디세이\03. 프로젝트 코드\xai-credit-scoring\src\data\..\..\data\splits\train_processed.csv (105,000 rows)
INFO:src.data.preprocessor:Train 데이터 저장: C:\Users\happy\Desktop\J\동양미래대학교\전공심화\2학기\코디세이\03. 프로젝트 코드\xai-credit-scoring\src\data\..\..\data\splits\train_processed.csv (105,000 rows)
2026-10-08 18:47:00,866 - src.data.preprocessor - INFO - Val 데이터 저장: C:\Users\happy\Desktop\J\동양미래대학교\전공심화\2학기\코디세이\03. 프로젝트 코드\xai-credit-scoring\src\data\..\..\data\splits\val_processed.csv (22,500 rows)
INFO:src.data.preprocessor:Val 데이터 저장: C:\Users\happy\Desktop\J\동양미래대학교\전공심화\2학기\코디세이\03. 프로젝트 코드\xai-credit-scoring\src\data\..\..\data\splits\val_processed.csv (22,500 rows)
2026-10-08 18:47:01,288 - src.data.preprocessor - INFO - Test 데이터 저장: C:\Users\happy\Desktop\J\동양미래대학교\전공심화\2학기\코디세이\03. 프로젝트 코드\xai-credit-scoring\src\data\..\..\data\splits\test_processed.csv (22,500 rows)

INFO:src.data.preprocessor:Test 데이터 저장: C:\Users\happy\Desktop\J\동양미래대학교\전공심화\2학기\코디세이\03. 프로젝트 코드\xai-credit-scoring\src\data\..\..\data\splits\test_processed.csv (22,500 rows)

INFO:__main__:\u2705 데이터 전처리 완료
INFO:__main__:   훈련: 105,000 샘플, 15 특성
INFO:__main__:   검증: 22,500 샘플
INFO:__main__:   테스트: 22,500 샘플
INFO:__main__:   클래스 분포 (훈련): 91,347 (0), 13,653 (1)
INFO:__main__:
\U0001f916 Step 4: 9개 모델 학습 (금융/대안/통합 × 3 알고리즘)
2026-10-08 18:47:01,757 - src.models.train - INFO - \u2705 MLflow 활성화: https://mlflow.gosky.kr

INFO:src.models.train:\u2705 MLflow 활성화: https://mlflow.gosky.kr

2026-10-08 18:47:01,758 - src.models.train - INFO - 모델 학습 시작 (9개 조합)
INFO:src.models.train:모델 학습 시작 (9개 조합)
2026-10-08 18:47:01,758 - src.models.train - INFO - 훈련 데이터: 105,000 샘플, 15 특성
INFO:src.models.train:훈련 데이터: 105,000 샘플, 15 특성
2026-10-08 18:47:01,759 - src.models.train - INFO - 클래스 분포: 91,347 (0), 13,653 (1)
INFO:src.models.train:클래스 분포: 91,347 (0), 13,653 (1)
2026-10-08 18:47:01,759 - src.models.train - INFO - 버전: 1.0

INFO:src.models.train:버전: 1.0

2026-10-08 18:47:01,759 - src.models.train - INFO - 
================================================================================
INFO:src.models.train:
================================================================================
2026-10-08 18:47:01,759 - src.models.train - INFO - 데이터 타입: financial_only
INFO:src.models.train:데이터 타입: financial_only
2026-10-08 18:47:01,759 - src.models.train - INFO - ================================================================================
INFO:src.models.train:================================================================================
2026-10-08 18:47:01,760 - src.models.train - INFO - 선택된 특성: 10개

INFO:src.models.train:선택된 특성: 10개

2026-10-08 18:47:01,760 - src.models.train - INFO - 
[방식 1] class_weight='balanced'
INFO:src.models.train:
[방식 1] class_weight='balanced'
2026-10-08 18:47:01,760 - src.models.train - INFO - --------------------------------------------------------------------------------
INFO:src.models.train:--------------------------------------------------------------------------------
2026-10-08 18:47:06,044 - src.models.train - INFO - 
5-Fold CV 결과 (class_weight='balanced'):
INFO:src.models.train:
5-Fold CV 결과 (class_weight='balanced'):
2026-10-08 18:47:06,045 - src.models.train - INFO - --------------------------------------------------------------------------------
INFO:src.models.train:--------------------------------------------------------------------------------
2026-10-08 18:47:06,045 - src.models.train - INFO - 
ROC_AUC:
INFO:src.models.train:
ROC_AUC:
2026-10-08 18:47:06,045 - src.models.train - INFO -   Fold 1: Train=0.6032, Test=0.6027
INFO:src.models.train:  Fold 1: Train=0.6032, Test=0.6027
2026-10-08 18:47:06,045 - src.models.train - INFO -   Fold 2: Train=0.6020, Test=0.5963
INFO:src.models.train:  Fold 2: Train=0.6020, Test=0.5963
2026-10-08 18:47:06,045 - src.models.train - INFO -   Fold 3: Train=0.5911, Test=0.5870
INFO:src.models.train:  Fold 3: Train=0.5911, Test=0.5870
2026-10-08 18:47:06,045 - src.models.train - INFO -   Fold 4: Train=0.5808, Test=0.5879
INFO:src.models.train:  Fold 4: Train=0.5808, Test=0.5879
2026-10-08 18:47:06,045 - src.models.train - INFO -   Fold 5: Train=0.5865, Test=0.5880
INFO:src.models.train:  Fold 5: Train=0.5865, Test=0.5880
2026-10-08 18:47:06,045 - src.models.train - INFO -   평균: Test=0.5924 ± 0.0062
INFO:src.models.train:  평균: Test=0.5924 ± 0.0062
2026-10-08 18:47:06,164 - src.models.train - INFO - 
PRECISION:
INFO:src.models.train:
PRECISION:
2026-10-08 18:47:06,164 - src.models.train - INFO -   Fold 1: Train=0.2688, Test=0.2684
INFO:src.models.train:  Fold 1: Train=0.2688, Test=0.2684
2026-10-08 18:47:06,164 - src.models.train - INFO -   Fold 2: Train=0.2666, Test=0.2640
INFO:src.models.train:  Fold 2: Train=0.2666, Test=0.2640
2026-10-08 18:47:06,164 - src.models.train - INFO -   Fold 3: Train=0.2660, Test=0.2608
INFO:src.models.train:  Fold 3: Train=0.2660, Test=0.2608
2026-10-08 18:47:06,164 - src.models.train - INFO -   Fold 4: Train=0.2432, Test=0.2500
INFO:src.models.train:  Fold 4: Train=0.2432, Test=0.2500
2026-10-08 18:47:06,164 - src.models.train - INFO -   Fold 5: Train=0.2601, Test=0.2585
INFO:src.models.train:  Fold 5: Train=0.2601, Test=0.2585
2026-10-08 18:47:06,164 - src.models.train - INFO -   평균: Test=0.2603 ± 0.0061
INFO:src.models.train:  평균: Test=0.2603 ± 0.0061
2026-10-08 18:47:06,290 - src.models.train - INFO - 
RECALL:
INFO:src.models.train:
RECALL:
2026-10-08 18:47:06,290 - src.models.train - INFO -   Fold 1: Train=0.3527, Test=0.3601
INFO:src.models.train:  Fold 1: Train=0.3527, Test=0.3601
2026-10-08 18:47:06,290 - src.models.train - INFO -   Fold 2: Train=0.3522, Test=0.3392
INFO:src.models.train:  Fold 2: Train=0.3522, Test=0.3392
2026-10-08 18:47:06,290 - src.models.train - INFO -   Fold 3: Train=0.3495, Test=0.3479
INFO:src.models.train:  Fold 3: Train=0.3495, Test=0.3479
2026-10-08 18:47:06,290 - src.models.train - INFO -   Fold 4: Train=0.3582, Test=0.3709
INFO:src.models.train:  Fold 4: Train=0.3582, Test=0.3709
2026-10-08 18:47:06,290 - src.models.train - INFO -   Fold 5: Train=0.3489, Test=0.3438
INFO:src.models.train:  Fold 5: Train=0.3489, Test=0.3438
2026-10-08 18:47:06,290 - src.models.train - INFO -   평균: Test=0.3524 ± 0.0116
INFO:src.models.train:  평균: Test=0.3524 ± 0.0116
2026-10-08 18:47:06,410 - src.models.train - INFO - 
F1:
INFO:src.models.train:
F1:
2026-10-08 18:47:06,411 - src.models.train - INFO -   Fold 1: Train=0.3051, Test=0.3075
INFO:src.models.train:  Fold 1: Train=0.3051, Test=0.3075
2026-10-08 18:47:06,411 - src.models.train - INFO -   Fold 2: Train=0.3035, Test=0.2969
INFO:src.models.train:  Fold 2: Train=0.3035, Test=0.2969
2026-10-08 18:47:06,411 - src.models.train - INFO -   Fold 3: Train=0.3021, Test=0.2981
INFO:src.models.train:  Fold 3: Train=0.3021, Test=0.2981
2026-10-08 18:47:06,411 - src.models.train - INFO -   Fold 4: Train=0.2897, Test=0.2987
INFO:src.models.train:  Fold 4: Train=0.2897, Test=0.2987
2026-10-08 18:47:06,411 - src.models.train - INFO -   Fold 5: Train=0.2980, Test=0.2951
INFO:src.models.train:  Fold 5: Train=0.2980, Test=0.2951
2026-10-08 18:47:06,411 - src.models.train - INFO -   평균: Test=0.2993 ± 0.0043
INFO:src.models.train:  평균: Test=0.2993 ± 0.0043
2026-10-08 18:47:06,519 - src.models.train - INFO - --------------------------------------------------------------------------------
INFO:src.models.train:--------------------------------------------------------------------------------
2026-10-08 18:47:06,678 - src.models.train - INFO - 모델 저장: models/logistic_regression_class_weight_v1.0.joblib

INFO:src.models.train:모델 저장: models/logistic_regression_class_weight_v1.0.joblib

ERROR:__main__:\u274c 모델 학습 실패: 'cp949' codec can't encode character '\U0001f3c3' in position 0: illegal multibyte sequence
Traceback (most recent call last):
  File "C:\Users\happy\Desktop\J\동양미래대학교\전공심화\2학기\코디세이\03. 프로젝트 코드\xai-credit-scoring\test_9models.py", line 72, in main
    results = train_all_models_by_data_type(X_train, y_train, models_dir='models', version='1.0')
  File "C:\Users\happy\Desktop\J\동양미래대학교\전공심화\2학기\코디세이\03. 프로젝트 코드\xai-credit-scoring\src\models\train.py", line 553, in train_all_models_by_data_type
    results['LogisticRegression'] = train_logistic_regression(
                                    ~~~~~~~~~~~~~~~~~~~~~~~~~^
        X_train_subset, y_train, skf, models_dir, version, data_type
        ^^^^^^^^^^^^^^^^^^^^^^^^^^^^^^^^^^^^^^^^^^^^^^^^^^^^^^^^^^^^
    )
    ^
  File "C:\Users\happy\Desktop\J\동양미래대학교\전공심화\2학기\코디세이\03. 프로젝트 코드\xai-credit-scoring\src\models\train.py", line 141, in train_logistic_regression
    with mlflow.start_run(run_name=f"LR_class_weight{run_name_suffix}"):
         ~~~~~~~~~~~~~~~~^^^^^^^^^^^^^^^^^^^^^^^^^^^^^^^^^^^^^^^^^^^^^^
  File "C:\Users\happy\AppData\Local\Python\pythoncore-3.14-64\Lib\site-packages\mlflow\tracking\fluent.py", line 391, in __exit__
    end_run(RunStatus.to_string(status))
    ~~~~~~~^^^^^^^^^^^^^^^^^^^^^^^^^^^^^
  File "C:\Users\happy\AppData\Local\Python\pythoncore-3.14-64\Lib\site-packages\mlflow\tracking\fluent.py", line 757, in end_run
    MlflowClient().set_terminated(last_active_run_id, status)
    ~~~~~~~~~~~~~~~~~~~~~~~~~~~~~^^^^^^^^^^^^^^^^^^^^^^^^^^^^
  File "C:\Users\happy\AppData\Local\Python\pythoncore-3.14-64\Lib\site-packages\mlflow\tracking\client.py", line 3828, in set_terminated
    self._tracking_client.set_terminated(run_id, status, end_time)
    ~~~~~~~~~~~~~~~~~~~~~~~~~~~~~~~~~~~~^^^^^^^^^^^^^^^^^^^^^^^^^^
  File "C:\Users\happy\AppData\Local\Python\pythoncore-3.14-64\Lib\site-packages\mlflow\tracking\_tracking_service\client.py", line 802, in set_terminated
    self._log_url(run_id)
    ~~~~~~~~~~~~~^^^^^^^^
  File "C:\Users\happy\AppData\Local\Python\pythoncore-3.14-64\Lib\site-packages\mlflow\tracking\_tracking_service\client.py", line 785, in _log_url
    sys.stdout.write(f"\U0001f3c3 View run {run_name} at: {run_url}\n")
    ~~~~~~~~~~~~~~~~^^^^^^^^^^^^^^^^^^^^^^^^^^^^^^^^^^^^^^^^^^^
UnicodeEncodeError: 'cp949' codec can't encode character '\U0001f3c3' in position 0: illegal multibyte sequence
